{
  "Entries": [
    {
      "RequestUri": "/subscriptions/a1bfa635-f2bf-42f1-86b5-848c674fc321/providers/Microsoft.Resources/deploymentStacks/ps7734?api-version=2021-05-01-preview",
      "EncodedRequestUri": "L3N1YnNjcmlwdGlvbnMvYTFiZmE2MzUtZjJiZi00MmYxLTg2YjUtODQ4YzY3NGZjMzIxL3Byb3ZpZGVycy9NaWNyb3NvZnQuUmVzb3VyY2VzL2RlcGxveW1lbnRTdGFja3MvcHM3NzM0P2FwaS12ZXJzaW9uPTIwMjEtMDUtMDEtcHJldmlldw==",
      "RequestMethod": "GET",
      "RequestBody": "",
      "RequestHeaders": {
        "x-ms-client-request-id": [
          "2a00af55-2449-4022-b264-409f29a55c34"
        ],
        "Accept-Language": [
          "en-US"
        ],
        "User-Agent": [
          "FxVersion/4.6.30015.01",
          "OSName/Windows",
          "OSVersion/Microsoft.Windows.10.0.19043.",
          "Microsoft.Azure.Management.ResourceManager.DeploymentStacksClient/3.13.2.0"
        ]
      },
      "ResponseHeaders": {
        "Cache-Control": [
          "no-cache"
        ],
        "Pragma": [
          "no-cache"
        ],
        "x-ms-failure-cause": [
          "gateway"
        ],
        "x-ms-request-id": [
          "472a25fc-1cb8-4d54-ae5e-983b46ac1437"
        ],
        "x-ms-correlation-request-id": [
          "472a25fc-1cb8-4d54-ae5e-983b46ac1437"
        ],
        "x-ms-routing-request-id": [
          "CANADACENTRAL:20210805T204744Z:472a25fc-1cb8-4d54-ae5e-983b46ac1437"
        ],
        "Strict-Transport-Security": [
          "max-age=31536000; includeSubDomains"
        ],
        "X-Content-Type-Options": [
          "nosniff"
        ],
        "Date": [
          "Thu, 05 Aug 2021 20:47:43 GMT"
        ],
        "Content-Type": [
          "application/json; charset=utf-8"
        ],
        "Expires": [
          "-1"
        ],
        "Content-Length": [
          "154"
        ],
        "Retry-After": [
          "0"
        ]
      },
      "ResponseBody": "{\r\n  \"error\": {\r\n    \"code\": \"ResourceNotFound\",\r\n    \"message\": \"The resource 'ps7734' was not found. For more details please go to https://aka.ms/ARMResourceNotFoundFix\"\r\n  }\r\n}",
      "StatusCode": 404
    },
    {
      "RequestUri": "/subscriptions/a1bfa635-f2bf-42f1-86b5-848c674fc321/providers/Microsoft.Resources/deploymentStacks/ps7734?api-version=2021-05-01-preview",
      "EncodedRequestUri": "L3N1YnNjcmlwdGlvbnMvYTFiZmE2MzUtZjJiZi00MmYxLTg2YjUtODQ4YzY3NGZjMzIxL3Byb3ZpZGVycy9NaWNyb3NvZnQuUmVzb3VyY2VzL2RlcGxveW1lbnRTdGFja3MvcHM3NzM0P2FwaS12ZXJzaW9uPTIwMjEtMDUtMDEtcHJldmlldw==",
      "RequestMethod": "GET",
      "RequestBody": "",
      "RequestHeaders": {
        "x-ms-client-request-id": [
          "e9fc8d54-08e6-49b2-8a2c-6231794575c7"
        ],
        "Accept-Language": [
          "en-US"
        ],
        "User-Agent": [
          "FxVersion/4.6.30015.01",
          "OSName/Windows",
          "OSVersion/Microsoft.Windows.10.0.19043.",
          "Microsoft.Azure.Management.ResourceManager.DeploymentStacksClient/3.13.2.0"
        ]
      },
      "ResponseHeaders": {
        "Cache-Control": [
          "no-cache"
        ],
        "Pragma": [
          "no-cache"
        ],
        "x-ms-request-id": [
          "4cb3ee72-e935-490b-b833-900e49ec7d98"
        ],
        "Server": [
          "Microsoft-HTTPAPI/2.0"
        ],
        "x-ms-ratelimit-remaining-subscription-reads": [
          "11998"
        ],
        "x-ms-correlation-request-id": [
          "318271f9-64fc-4beb-932e-0271cfa4ecf5"
        ],
        "x-ms-routing-request-id": [
          "CANADACENTRAL:20210805T204746Z:318271f9-64fc-4beb-932e-0271cfa4ecf5"
        ],
        "Strict-Transport-Security": [
          "max-age=31536000; includeSubDomains"
        ],
        "X-Content-Type-Options": [
          "nosniff"
        ],
        "Date": [
          "Thu, 05 Aug 2021 20:47:45 GMT"
        ],
        "Content-Length": [
          "1549"
        ],
        "Content-Type": [
          "application/json; charset=utf-8"
        ],
        "Expires": [
          "-1"
        ],
        "Retry-After": [
          "0"
        ]
      },
      "ResponseBody": "{\r\n  \"location\": \"westus2\",\r\n  \"properties\": {\r\n    \"updateBehavior\": \"detach\",\r\n    \"parameters\": {\r\n      \"foo\": {\r\n        \"value\": \"abc\"\r\n      },\r\n      \"bar\": {\r\n        \"value\": \"xyz\"\r\n      }\r\n    },\r\n    \"template\": {\r\n      \"$schema\": \"https://schema.management.azure.com/schemas/2019-04-01/deploymentTemplate.json#\",\r\n      \"contentVersion\": \"1.0.0.0\",\r\n      \"parameters\": {\r\n        \"foo\": {\r\n          \"type\": \"string\",\r\n          \"metadata\": {\r\n            \"description\": \"description\"\r\n          }\r\n        },\r\n        \"bar\": {\r\n          \"type\": \"string\",\r\n          \"metadata\": {\r\n            \"description\": \"description\"\r\n          }\r\n        }\r\n      },\r\n      \"functions\": [],\r\n      \"variables\": {},\r\n      \"resources\": [],\r\n      \"outputs\": {\r\n        \"foo\": {\r\n          \"type\": \"string\",\r\n          \"value\": \"[parameters('foo')]\"\r\n        },\r\n        \"bar\": {\r\n          \"type\": \"string\",\r\n          \"value\": \"[parameters('bar')]\"\r\n        }\r\n      }\r\n    },\r\n    \"provisioningState\": \"initializing\"\r\n  },\r\n  \"systemData\": {\r\n    \"createdBy\": \"546094f3-32fa-493c-824c-bd9575b0d2fe\",\r\n    \"createdByType\": \"Application\",\r\n    \"createdAt\": \"2021-08-05T20:47:44.614607Z\",\r\n    \"lastModifiedBy\": \"546094f3-32fa-493c-824c-bd9575b0d2fe\",\r\n    \"lastModifiedByType\": \"Application\",\r\n    \"lastModifiedAt\": \"2021-08-05T20:47:44.614607Z\"\r\n  },\r\n  \"id\": \"/subscriptions/a1bfa635-f2bf-42f1-86b5-848c674fc321/providers/Microsoft.Resources/deploymentStacks/ps7734\",\r\n  \"type\": \"Microsoft.Resources/deploymentStacks\",\r\n  \"name\": \"ps7734\"\r\n}",
      "StatusCode": 200
    },
    {
      "RequestUri": "/subscriptions/a1bfa635-f2bf-42f1-86b5-848c674fc321/providers/Microsoft.Resources/deploymentStacks/ps7734?api-version=2021-05-01-preview",
      "EncodedRequestUri": "L3N1YnNjcmlwdGlvbnMvYTFiZmE2MzUtZjJiZi00MmYxLTg2YjUtODQ4YzY3NGZjMzIxL3Byb3ZpZGVycy9NaWNyb3NvZnQuUmVzb3VyY2VzL2RlcGxveW1lbnRTdGFja3MvcHM3NzM0P2FwaS12ZXJzaW9uPTIwMjEtMDUtMDEtcHJldmlldw==",
      "RequestMethod": "GET",
      "RequestBody": "",
      "RequestHeaders": {
        "x-ms-client-request-id": [
          "6e21f83c-c8f0-4841-b5bb-52b858f4b7b7"
        ],
        "Accept-Language": [
          "en-US"
        ],
        "User-Agent": [
          "FxVersion/4.6.30015.01",
          "OSName/Windows",
          "OSVersion/Microsoft.Windows.10.0.19043.",
          "Microsoft.Azure.Management.ResourceManager.DeploymentStacksClient/3.13.2.0"
        ]
      },
      "ResponseHeaders": {
        "Cache-Control": [
          "no-cache"
        ],
        "Pragma": [
          "no-cache"
        ],
        "x-ms-request-id": [
          "cb24209e-12cd-4c88-a849-3767d63998b1"
        ],
        "Server": [
          "Microsoft-HTTPAPI/2.0"
        ],
        "x-ms-ratelimit-remaining-subscription-reads": [
          "11999"
        ],
        "x-ms-correlation-request-id": [
          "8b344218-7704-4cc9-b609-a3815648f307"
        ],
        "x-ms-routing-request-id": [
          "CANADACENTRAL:20210805T204747Z:8b344218-7704-4cc9-b609-a3815648f307"
        ],
        "Strict-Transport-Security": [
          "max-age=31536000; includeSubDomains"
        ],
        "X-Content-Type-Options": [
          "nosniff"
        ],
        "Date": [
          "Thu, 05 Aug 2021 20:47:47 GMT"
        ],
        "Content-Length": [
          "1697"
        ],
        "Content-Type": [
          "application/json; charset=utf-8"
        ],
        "Expires": [
          "-1"
        ],
        "Retry-After": [
          "0"
        ]
      },
      "ResponseBody": "{\r\n  \"location\": \"westus2\",\r\n  \"properties\": {\r\n    \"updateBehavior\": \"detach\",\r\n    \"deploymentId\": \"/subscriptions/a1bfa635-f2bf-42f1-86b5-848c674fc321/providers/Microsoft.Resources/deployments/ps7734-2021-08-05-20-47-45-561b8\",\r\n    \"parameters\": {\r\n      \"foo\": {\r\n        \"value\": \"abc\"\r\n      },\r\n      \"bar\": {\r\n        \"value\": \"xyz\"\r\n      }\r\n    },\r\n    \"template\": {\r\n      \"$schema\": \"https://schema.management.azure.com/schemas/2019-04-01/deploymentTemplate.json#\",\r\n      \"contentVersion\": \"1.0.0.0\",\r\n      \"parameters\": {\r\n        \"foo\": {\r\n          \"type\": \"string\",\r\n          \"metadata\": {\r\n            \"description\": \"description\"\r\n          }\r\n        },\r\n        \"bar\": {\r\n          \"type\": \"string\",\r\n          \"metadata\": {\r\n            \"description\": \"description\"\r\n          }\r\n        }\r\n      },\r\n      \"functions\": [],\r\n      \"variables\": {},\r\n      \"resources\": [],\r\n      \"outputs\": {\r\n        \"foo\": {\r\n          \"type\": \"string\",\r\n          \"value\": \"[parameters('foo')]\"\r\n        },\r\n        \"bar\": {\r\n          \"type\": \"string\",\r\n          \"value\": \"[parameters('bar')]\"\r\n        }\r\n      }\r\n    },\r\n    \"provisioningState\": \"deploying\"\r\n  },\r\n  \"systemData\": {\r\n    \"createdBy\": \"546094f3-32fa-493c-824c-bd9575b0d2fe\",\r\n    \"createdByType\": \"Application\",\r\n    \"createdAt\": \"2021-08-05T20:47:44.614607Z\",\r\n    \"lastModifiedBy\": \"546094f3-32fa-493c-824c-bd9575b0d2fe\",\r\n    \"lastModifiedByType\": \"Application\",\r\n    \"lastModifiedAt\": \"2021-08-05T20:47:44.614607Z\"\r\n  },\r\n  \"id\": \"/subscriptions/a1bfa635-f2bf-42f1-86b5-848c674fc321/providers/Microsoft.Resources/deploymentStacks/ps7734\",\r\n  \"type\": \"Microsoft.Resources/deploymentStacks\",\r\n  \"name\": \"ps7734\"\r\n}",
      "StatusCode": 200
    },
    {
      "RequestUri": "/subscriptions/a1bfa635-f2bf-42f1-86b5-848c674fc321/providers/Microsoft.Resources/deploymentStacks/ps7734?api-version=2021-05-01-preview",
      "EncodedRequestUri": "L3N1YnNjcmlwdGlvbnMvYTFiZmE2MzUtZjJiZi00MmYxLTg2YjUtODQ4YzY3NGZjMzIxL3Byb3ZpZGVycy9NaWNyb3NvZnQuUmVzb3VyY2VzL2RlcGxveW1lbnRTdGFja3MvcHM3NzM0P2FwaS12ZXJzaW9uPTIwMjEtMDUtMDEtcHJldmlldw==",
      "RequestMethod": "PUT",
      "RequestBody": "{\r\n  \"location\": \"West US 2\",\r\n  \"properties\": {\r\n    \"template\": {\r\n      \"$schema\": \"https://schema.management.azure.com/schemas/2019-04-01/deploymentTemplate.json#\",\r\n      \"contentVersion\": \"1.0.0.0\",\r\n      \"parameters\": {\r\n        \"foo\": {\r\n          \"type\": \"string\",\r\n          \"metadata\": {\r\n            \"description\": \"description\"\r\n          }\r\n        },\r\n        \"bar\": {\r\n          \"type\": \"string\",\r\n          \"metadata\": {\r\n            \"description\": \"description\"\r\n          }\r\n        }\r\n      },\r\n      \"functions\": [],\r\n      \"variables\": {},\r\n      \"resources\": [],\r\n      \"outputs\": {\r\n        \"foo\": {\r\n          \"type\": \"string\",\r\n          \"value\": \"[parameters('foo')]\"\r\n        },\r\n        \"bar\": {\r\n          \"type\": \"string\",\r\n          \"value\": \"[parameters('bar')]\"\r\n        }\r\n      }\r\n    },\r\n    \"parameters\": {\r\n      \"foo\": {\r\n        \"value\": \"abc\"\r\n      },\r\n      \"bar\": {\r\n        \"value\": \"xyz\"\r\n      }\r\n    },\r\n    \"updateBehavior\": \"Detach\"\r\n  }\r\n}",
      "RequestHeaders": {
        "x-ms-client-request-id": [
          "2a00af55-2449-4022-b264-409f29a55c34"
        ],
        "Accept-Language": [
          "en-US"
        ],
        "User-Agent": [
          "FxVersion/4.6.30015.01",
          "OSName/Windows",
          "OSVersion/Microsoft.Windows.10.0.19043.",
          "Microsoft.Azure.Management.ResourceManager.DeploymentStacksClient/3.13.2.0"
        ],
        "Content-Type": [
          "application/json; charset=utf-8"
        ],
        "Content-Length": [
          "992"
        ]
      },
      "ResponseHeaders": {
        "Cache-Control": [
          "no-cache"
        ],
        "Pragma": [
          "no-cache"
        ],
        "Retry-After": [
          "0"
        ],
        "Azure-AsyncOperation": [
          "https://management.azure.com/subscriptions/a1bfa635-f2bf-42f1-86b5-848c674fc321/providers/Microsoft.Resources/locations/westus2/deploymentStackOperationStatus/51f9655e-2f1b-473f-8813-10acade6c1cd?api-version=2021-05-01-preview"
        ],
        "x-ms-request-id": [
          "e6314958-8fef-47a2-b83a-13a8a6339493"
        ],
        "Server": [
          "Microsoft-HTTPAPI/2.0"
        ],
        "x-ms-ratelimit-remaining-subscription-writes": [
          "1199"
        ],
        "x-ms-correlation-request-id": [
          "5fdcd280-f0e6-4060-bc92-07aa08a9a736"
        ],
        "x-ms-routing-request-id": [
          "CANADACENTRAL:20210805T204745Z:5fdcd280-f0e6-4060-bc92-07aa08a9a736"
        ],
        "Strict-Transport-Security": [
          "max-age=31536000; includeSubDomains"
        ],
        "X-Content-Type-Options": [
          "nosniff"
        ],
        "Date": [
          "Thu, 05 Aug 2021 20:47:44 GMT"
        ],
        "Content-Length": [
          "1549"
        ],
        "Content-Type": [
          "application/json; charset=utf-8"
        ],
        "Expires": [
          "-1"
        ]
      },
      "ResponseBody": "{\r\n  \"location\": \"westus2\",\r\n  \"properties\": {\r\n    \"updateBehavior\": \"detach\",\r\n    \"parameters\": {\r\n      \"foo\": {\r\n        \"value\": \"abc\"\r\n      },\r\n      \"bar\": {\r\n        \"value\": \"xyz\"\r\n      }\r\n    },\r\n    \"template\": {\r\n      \"$schema\": \"https://schema.management.azure.com/schemas/2019-04-01/deploymentTemplate.json#\",\r\n      \"contentVersion\": \"1.0.0.0\",\r\n      \"parameters\": {\r\n        \"foo\": {\r\n          \"type\": \"string\",\r\n          \"metadata\": {\r\n            \"description\": \"description\"\r\n          }\r\n        },\r\n        \"bar\": {\r\n          \"type\": \"string\",\r\n          \"metadata\": {\r\n            \"description\": \"description\"\r\n          }\r\n        }\r\n      },\r\n      \"functions\": [],\r\n      \"variables\": {},\r\n      \"resources\": [],\r\n      \"outputs\": {\r\n        \"foo\": {\r\n          \"type\": \"string\",\r\n          \"value\": \"[parameters('foo')]\"\r\n        },\r\n        \"bar\": {\r\n          \"type\": \"string\",\r\n          \"value\": \"[parameters('bar')]\"\r\n        }\r\n      }\r\n    },\r\n    \"provisioningState\": \"initializing\"\r\n  },\r\n  \"systemData\": {\r\n    \"createdBy\": \"546094f3-32fa-493c-824c-bd9575b0d2fe\",\r\n    \"createdByType\": \"Application\",\r\n    \"createdAt\": \"2021-08-05T20:47:44.614607Z\",\r\n    \"lastModifiedBy\": \"546094f3-32fa-493c-824c-bd9575b0d2fe\",\r\n    \"lastModifiedByType\": \"Application\",\r\n    \"lastModifiedAt\": \"2021-08-05T20:47:44.614607Z\"\r\n  },\r\n  \"id\": \"/subscriptions/a1bfa635-f2bf-42f1-86b5-848c674fc321/providers/Microsoft.Resources/deploymentStacks/ps7734\",\r\n  \"type\": \"Microsoft.Resources/deploymentStacks\",\r\n  \"name\": \"ps7734\"\r\n}",
      "StatusCode": 201
    },
    {
      "RequestUri": "/subscriptions/a1bfa635-f2bf-42f1-86b5-848c674fc321/providers/Microsoft.Resources/deploymentStacks?api-version=2021-05-01-preview",
      "EncodedRequestUri": "L3N1YnNjcmlwdGlvbnMvYTFiZmE2MzUtZjJiZi00MmYxLTg2YjUtODQ4YzY3NGZjMzIxL3Byb3ZpZGVycy9NaWNyb3NvZnQuUmVzb3VyY2VzL2RlcGxveW1lbnRTdGFja3M/YXBpLXZlcnNpb249MjAyMS0wNS0wMS1wcmV2aWV3",
      "RequestMethod": "GET",
      "RequestBody": "",
      "RequestHeaders": {
        "x-ms-client-request-id": [
          "9b9c7526-3354-4d4e-bbe4-1dd1436d6343"
        ],
        "Accept-Language": [
          "en-US"
        ],
        "User-Agent": [
          "FxVersion/4.6.30015.01",
          "OSName/Windows",
          "OSVersion/Microsoft.Windows.10.0.19043.",
          "Microsoft.Azure.Management.ResourceManager.DeploymentStacksClient/3.13.2.0"
        ]
      },
      "ResponseHeaders": {
        "Cache-Control": [
          "no-cache"
        ],
        "Pragma": [
          "no-cache"
        ],
        "x-ms-original-request-ids": [
          "4fea1e23-31e3-4d8f-90d4-1f5927e17e0c"
        ],
        "x-ms-ratelimit-remaining-subscription-reads": [
          "11998"
        ],
        "x-ms-request-id": [
          "310314ef-aebf-4381-9653-db36b43575b2"
        ],
        "x-ms-correlation-request-id": [
          "310314ef-aebf-4381-9653-db36b43575b2"
        ],
        "x-ms-routing-request-id": [
          "CANADACENTRAL:20210805T204748Z:310314ef-aebf-4381-9653-db36b43575b2"
        ],
        "Strict-Transport-Security": [
          "max-age=31536000; includeSubDomains"
        ],
        "X-Content-Type-Options": [
          "nosniff"
        ],
        "Date": [
          "Thu, 05 Aug 2021 20:47:47 GMT"
        ],
        "Content-Type": [
          "application/json; charset=utf-8"
        ],
        "Expires": [
          "-1"
        ],
        "Content-Length": [
          "1203"
        ],
        "Retry-After": [
          "0"
        ]
      },
      "ResponseBody": "{\r\n  \"value\": [\r\n    {\r\n      \"location\": \"westus2\",\r\n      \"properties\": {\r\n        \"updateBehavior\": \"detach\",\r\n        \"deploymentId\": \"/subscriptions/a1bfa635-f2bf-42f1-86b5-848c674fc321/providers/Microsoft.Resources/deployments/ps7734-2021-08-05-20-47-45-561b8\",\r\n        \"parameters\": {\r\n          \"foo\": {\r\n            \"value\": \"abc\"\r\n          },\r\n          \"bar\": {\r\n            \"value\": \"xyz\"\r\n          }\r\n        },\r\n        \"template\": {\r\n          \"$schema\": \"https://schema.management.azure.com/schemas/2019-04-01/deploymentTemplate.json#\",\r\n          \"contentVersion\": \"1.0.0.0\",\r\n          \"parameters\": {\r\n            \"foo\": {\r\n              \"type\": \"string\",\r\n              \"metadata\": {\r\n                \"description\": \"description\"\r\n              }\r\n            },\r\n            \"bar\": {\r\n              \"type\": \"string\",\r\n              \"metadata\": {\r\n                \"description\": \"description\"\r\n              }\r\n            }\r\n          },\r\n          \"functions\": [],\r\n          \"variables\": {},\r\n          \"resources\": [],\r\n          \"outputs\": {\r\n            \"foo\": {\r\n              \"type\": \"string\",\r\n              \"value\": \"[parameters('foo')]\"\r\n            },\r\n            \"bar\": {\r\n              \"type\": \"string\",\r\n              \"value\": \"[parameters('bar')]\"\r\n            }\r\n          }\r\n        },\r\n        \"provisioningState\": \"deploying\"\r\n      },\r\n      \"systemData\": {\r\n        \"createdBy\": \"546094f3-32fa-493c-824c-bd9575b0d2fe\",\r\n        \"createdByType\": \"Application\",\r\n        \"createdAt\": \"2021-08-05T20:47:44.614607Z\",\r\n        \"lastModifiedBy\": \"546094f3-32fa-493c-824c-bd9575b0d2fe\",\r\n        \"lastModifiedByType\": \"Application\",\r\n        \"lastModifiedAt\": \"2021-08-05T20:47:44.614607Z\"\r\n      },\r\n      \"id\": \"/subscriptions/a1bfa635-f2bf-42f1-86b5-848c674fc321/providers/Microsoft.Resources/deploymentStacks/ps7734\",\r\n      \"type\": \"Microsoft.Resources/deploymentStacks\",\r\n      \"name\": \"ps7734\"\r\n    }\r\n  ]\r\n}",
      "StatusCode": 200
    }
  ],
  "Names": {
    "Test-GetSubscriptionDeploymentStack": [
      "ps1378",
      "ps7734"
    ]
  },
  "Variables": {
    "SubscriptionId": "a1bfa635-f2bf-42f1-86b5-848c674fc321"
  }
}